
A module that was compiled using NumPy 1.x cannot be run in
NumPy 2.4.4 as it may crash. To support both 1.x and 2.x
versions of NumPy, modules must be compiled with NumPy 2.0.
Some module may need to rebuild instead e.g. with 'pybind11>=2.12'.

If you are a user of the module, the easiest solution will be to
downgrade to 'numpy<2' or try to upgrade the affected module.
We expect that some modules will need time to support NumPy 2.

Traceback (most recent call last):  File "<frozen runpy>", line 198, in _run_module_as_main
  File "<frozen runpy>", line 88, in _run_code
  File "C:\Users\USER\Desktop\Extras\i-oska\Vibhu-Oska\Models\sovereign_gpt\train.py", line 15, in <module>
    import torch
  File "C:\Users\USER\Desktop\Extras\i-oska\Vibhu-Oska\.venv_cuda\Lib\site-packages\torch\__init__.py", line 2120, in <module>
    from torch._higher_order_ops import cond
  File "C:\Users\USER\Desktop\Extras\i-oska\Vibhu-Oska\.venv_cuda\Lib\site-packages\torch\_higher_order_ops\__init__.py", line 1, in <module>
    from .cond import cond
  File "C:\Users\USER\Desktop\Extras\i-oska\Vibhu-Oska\.venv_cuda\Lib\site-packages\torch\_higher_order_ops\cond.py", line 5, in <module>
    import torch._subclasses.functional_tensor
  File "C:\Users\USER\Desktop\Extras\i-oska\Vibhu-Oska\.venv_cuda\Lib\site-packages\torch\_subclasses\functional_tensor.py", line 42, in <module>
    class FunctionalTensor(torch.Tensor):
  File "C:\Users\USER\Desktop\Extras\i-oska\Vibhu-Oska\.venv_cuda\Lib\site-packages\torch\_subclasses\functional_tensor.py", line 258, in FunctionalTensor
    cpu = _conversion_method_template(device=torch.device("cpu"))
C:\Users\USER\Desktop\Extras\i-oska\Vibhu-Oska\.venv_cuda\Lib\site-packages\torch\_subclasses\functional_tensor.py:258: UserWarning: Failed to initialize NumPy: _ARRAY_API not found (Triggered internally at C:\actions-runner\_work\pytorch\pytorch\builder\windows\pytorch\torch\csrc\utils\tensor_numpy.cpp:84.)
  cpu = _conversion_method_template(device=torch.device("cpu"))
2026-08-09 21:44:49,406 | INFO | Set PyTorch CPU threads to 12
2026-08-09 21:44:49,408 | INFO | Existing training corpus detected (125132 bytes) — preserving it, skipping default seed.
2026-08-09 21:44:49,410 | INFO | Training BPE tokenizer (target vocab size = 8000)...
2026-08-09 21:45:21,008 | INFO | Tokenizer saved -> C:\Users\USER\Desktop\Extras\i-oska\Vibhu-Oska\Models\sovereign_gpt\checkpoints\tokenizer_vocab.json
2026-08-09 21:45:21,009 | INFO | Parsed 684 independent Q&A sequences from corpus.
2026-08-09 21:45:51,004 | INFO | Running training on device: cuda
2026-08-09 21:45:52,651 | INFO | Model initialized: 54,183,936 trainable parameters | dtype=torch.float16
2026-08-09 21:46:09,466 | INFO | Epoch 1/60 | Loss: nan | Accuracy: 0.00% | Perplexity: 99999.00 | Time: 15.24s
2026-08-09 21:46:23,713 | INFO | Epoch 2/60 | Loss: nan | Accuracy: 0.00% | Perplexity: 99999.00 | Time: 14.24s
2026-08-09 21:46:37,779 | INFO | Epoch 3/60 | Loss: nan | Accuracy: 0.00% | Perplexity: 99999.00 | Time: 14.06s
2026-08-09 21:46:51,619 | INFO | Epoch 4/60 | Loss: nan | Accuracy: 0.00% | Perplexity: 99999.00 | Time: 13.84s
2026-08-09 21:47:05,924 | INFO | Epoch 5/60 | Loss: nan | Accuracy: 0.00% | Perplexity: 99999.00 | Time: 14.30s
2026-08-09 21:47:20,251 | INFO | Epoch 6/60 | Loss: nan | Accuracy: 0.00% | Perplexity: 99999.00 | Time: 14.32s
2026-08-09 21:47:34,244 | INFO | Epoch 7/60 | Loss: nan | Accuracy: 0.00% | Perplexity: 99999.00 | Time: 13.99s
2026-08-09 21:47:48,156 | INFO | Epoch 8/60 | Loss: nan | Accuracy: 0.00% | Perplexity: 99999.00 | Time: 13.91s
2026-08-09 21:48:01,775 | INFO | Epoch 9/60 | Loss: nan | Accuracy: 0.00% | Perplexity: 99999.00 | Time: 13.62s
2026-08-09 21:48:15,628 | INFO | Epoch 10/60 | Loss: nan | Accuracy: 0.00% | Perplexity: 99999.00 | Time: 13.85s
2026-08-09 21:48:29,455 | INFO | Epoch 11/60 | Loss: nan | Accuracy: 0.00% | Perplexity: 99999.00 | Time: 13.83s
2026-08-09 21:48:43,288 | INFO | Epoch 12/60 | Loss: nan | Accuracy: 0.00% | Perplexity: 99999.00 | Time: 13.83s
2026-08-09 21:48:57,186 | INFO | Epoch 13/60 | Loss: nan | Accuracy: 0.00% | Perplexity: 99999.00 | Time: 13.90s
2026-08-09 21:49:10,897 | INFO | Epoch 14/60 | Loss: nan | Accuracy: 0.00% | Perplexity: 99999.00 | Time: 13.71s
2026-08-09 21:49:24,574 | INFO | Epoch 15/60 | Loss: nan | Accuracy: 0.00% | Perplexity: 99999.00 | Time: 13.68s
2026-08-09 21:49:38,491 | INFO | Epoch 16/60 | Loss: nan | Accuracy: 0.00% | Perplexity: 99999.00 | Time: 13.91s
2026-08-09 21:49:52,787 | INFO | Epoch 17/60 | Loss: nan | Accuracy: 0.00% | Perplexity: 99999.00 | Time: 14.30s
2026-08-09 21:50:06,829 | INFO | Epoch 18/60 | Loss: nan | Accuracy: 0.00% | Perplexity: 99999.00 | Time: 14.04s
2026-08-09 21:50:20,905 | INFO | Epoch 19/60 | Loss: nan | Accuracy: 0.00% | Perplexity: 99999.00 | Time: 14.07s
2026-08-09 21:50:34,817 | INFO | Epoch 20/60 | Loss: nan | Accuracy: 0.00% | Perplexity: 99999.00 | Time: 13.91s
2026-08-09 21:50:48,814 | INFO | Epoch 21/60 | Loss: nan | Accuracy: 0.00% | Perplexity: 99999.00 | Time: 13.99s
2026-08-09 21:51:02,652 | INFO | Epoch 22/60 | Loss: nan | Accuracy: 0.00% | Perplexity: 99999.00 | Time: 13.84s
2026-08-09 21:51:16,503 | INFO | Epoch 23/60 | Loss: nan | Accuracy: 0.00% | Perplexity: 99999.00 | Time: 13.85s
2026-08-09 21:51:30,345 | INFO | Epoch 24/60 | Loss: nan | Accuracy: 0.00% | Perplexity: 99999.00 | Time: 13.84s
2026-08-09 21:51:44,107 | INFO | Epoch 25/60 | Loss: nan | Accuracy: 0.00% | Perplexity: 99999.00 | Time: 13.76s
2026-08-09 21:51:58,040 | INFO | Epoch 26/60 | Loss: nan | Accuracy: 0.00% | Perplexity: 99999.00 | Time: 13.93s
2026-08-09 21:52:11,903 | INFO | Epoch 27/60 | Loss: nan | Accuracy: 0.00% | Perplexity: 99999.00 | Time: 13.86s
2026-08-09 21:52:25,734 | INFO | Epoch 28/60 | Loss: nan | Accuracy: 0.00% | Perplexity: 99999.00 | Time: 13.83s
2026-08-09 21:52:39,621 | INFO | Epoch 29/60 | Loss: nan | Accuracy: 0.00% | Perplexity: 99999.00 | Time: 13.87s
2026-08-09 21:52:53,404 | INFO | Epoch 30/60 | Loss: nan | Accuracy: 0.00% | Perplexity: 99999.00 | Time: 13.78s
2026-08-09 21:53:07,611 | INFO | Epoch 31/60 | Loss: nan | Accuracy: 0.00% | Perplexity: 99999.00 | Time: 14.20s
2026-08-09 21:53:21,618 | INFO | Epoch 32/60 | Loss: nan | Accuracy: 0.00% | Perplexity: 99999.00 | Time: 14.00s
2026-08-09 21:53:35,650 | INFO | Epoch 33/60 | Loss: nan | Accuracy: 0.00% | Perplexity: 99999.00 | Time: 14.03s
2026-08-09 21:53:49,642 | INFO | Epoch 34/60 | Loss: nan | Accuracy: 0.00% | Perplexity: 99999.00 | Time: 13.99s
2026-08-09 21:54:03,484 | INFO | Epoch 35/60 | Loss: nan | Accuracy: 0.00% | Perplexity: 99999.00 | Time: 13.83s
2026-08-09 21:54:17,255 | INFO | Epoch 36/60 | Loss: nan | Accuracy: 0.00% | Perplexity: 99999.00 | Time: 13.77s
2026-08-09 21:54:31,067 | INFO | Epoch 37/60 | Loss: nan | Accuracy: 0.00% | Perplexity: 99999.00 | Time: 13.81s
2026-08-09 21:54:44,831 | INFO | Epoch 38/60 | Loss: nan | Accuracy: 0.00% | Perplexity: 99999.00 | Time: 13.76s
2026-08-09 21:54:58,686 | INFO | Epoch 39/60 | Loss: nan | Accuracy: 0.00% | Perplexity: 99999.00 | Time: 13.84s
2026-08-09 21:55:12,573 | INFO | Epoch 40/60 | Loss: nan | Accuracy: 0.00% | Perplexity: 99999.00 | Time: 13.89s
2026-08-09 21:55:26,371 | INFO | Epoch 41/60 | Loss: nan | Accuracy: 0.00% | Perplexity: 99999.00 | Time: 13.79s
2026-08-09 21:55:40,212 | INFO | Epoch 42/60 | Loss: nan | Accuracy: 0.00% | Perplexity: 99999.00 | Time: 13.82s
2026-08-09 21:55:53,826 | INFO | Epoch 43/60 | Loss: nan | Accuracy: 0.00% | Perplexity: 99999.00 | Time: 13.61s
2026-08-09 21:56:07,479 | INFO | Epoch 44/60 | Loss: nan | Accuracy: 0.00% | Perplexity: 99999.00 | Time: 13.65s
2026-08-09 21:56:21,254 | INFO | Epoch 45/60 | Loss: nan | Accuracy: 0.00% | Perplexity: 99999.00 | Time: 13.77s
2026-08-09 21:56:35,095 | INFO | Epoch 46/60 | Loss: nan | Accuracy: 0.00% | Perplexity: 99999.00 | Time: 13.84s
2026-08-09 21:56:48,926 | INFO | Epoch 47/60 | Loss: nan | Accuracy: 0.00% | Perplexity: 99999.00 | Time: 13.83s
2026-08-09 21:57:02,683 | INFO | Epoch 48/60 | Loss: nan | Accuracy: 0.00% | Perplexity: 99999.00 | Time: 13.74s
2026-08-09 21:57:16,410 | INFO | Epoch 49/60 | Loss: nan | Accuracy: 0.00% | Perplexity: 99999.00 | Time: 13.72s
2026-08-09 21:57:30,229 | INFO | Epoch 50/60 | Loss: nan | Accuracy: 0.00% | Perplexity: 99999.00 | Time: 13.82s
2026-08-09 21:57:44,250 | INFO | Epoch 51/60 | Loss: nan | Accuracy: 0.00% | Perplexity: 99999.00 | Time: 14.02s
2026-08-09 21:57:58,097 | INFO | Epoch 52/60 | Loss: nan | Accuracy: 0.00% | Perplexity: 99999.00 | Time: 13.84s
2026-08-09 21:58:11,947 | INFO | Epoch 53/60 | Loss: nan | Accuracy: 0.00% | Perplexity: 99999.00 | Time: 13.85s
2026-08-09 21:58:25,769 | INFO | Epoch 54/60 | Loss: nan | Accuracy: 0.00% | Perplexity: 99999.00 | Time: 13.82s
2026-08-09 21:58:39,498 | INFO | Epoch 55/60 | Loss: nan | Accuracy: 0.00% | Perplexity: 99999.00 | Time: 13.73s
2026-08-09 21:58:53,094 | INFO | Epoch 56/60 | Loss: nan | Accuracy: 0.00% | Perplexity: 99999.00 | Time: 13.59s
2026-08-09 21:59:07,039 | INFO | Epoch 57/60 | Loss: nan | Accuracy: 0.00% | Perplexity: 99999.00 | Time: 13.94s
2026-08-09 21:59:20,949 | INFO | Epoch 58/60 | Loss: nan | Accuracy: 0.00% | Perplexity: 99999.00 | Time: 13.91s
2026-08-09 21:59:34,679 | INFO | Epoch 59/60 | Loss: nan | Accuracy: 0.00% | Perplexity: 99999.00 | Time: 13.73s
2026-08-09 21:59:48,616 | INFO | Epoch 60/60 | Loss: nan | Accuracy: 0.00% | Perplexity: 99999.00 | Time: 13.94s
2026-08-09 21:59:48,617 | INFO | Sovereign GPT training complete.
