
A module that was compiled using NumPy 1.x cannot be run in
NumPy 2.4.4 as it may crash. To support both 1.x and 2.x
versions of NumPy, modules must be compiled with NumPy 2.0.
Some module may need to rebuild instead e.g. with 'pybind11>=2.12'.

If you are a user of the module, the easiest solution will be to
downgrade to 'numpy<2' or try to upgrade the affected module.
We expect that some modules will need time to support NumPy 2.

Traceback (most recent call last):  File "<frozen runpy>", line 198, in _run_module_as_main
  File "<frozen runpy>", line 88, in _run_code
  File "C:\Users\USER\Desktop\Extras\i-oska\Vibhu-Oska\Models\sovereign_gpt\train.py", line 15, in <module>
    import torch
  File "C:\Users\USER\Desktop\Extras\i-oska\Vibhu-Oska\.venv_cuda\Lib\site-packages\torch\__init__.py", line 2120, in <module>
    from torch._higher_order_ops import cond
  File "C:\Users\USER\Desktop\Extras\i-oska\Vibhu-Oska\.venv_cuda\Lib\site-packages\torch\_higher_order_ops\__init__.py", line 1, in <module>
    from .cond import cond
  File "C:\Users\USER\Desktop\Extras\i-oska\Vibhu-Oska\.venv_cuda\Lib\site-packages\torch\_higher_order_ops\cond.py", line 5, in <module>
    import torch._subclasses.functional_tensor
  File "C:\Users\USER\Desktop\Extras\i-oska\Vibhu-Oska\.venv_cuda\Lib\site-packages\torch\_subclasses\functional_tensor.py", line 42, in <module>
    class FunctionalTensor(torch.Tensor):
  File "C:\Users\USER\Desktop\Extras\i-oska\Vibhu-Oska\.venv_cuda\Lib\site-packages\torch\_subclasses\functional_tensor.py", line 258, in FunctionalTensor
    cpu = _conversion_method_template(device=torch.device("cpu"))
C:\Users\USER\Desktop\Extras\i-oska\Vibhu-Oska\.venv_cuda\Lib\site-packages\torch\_subclasses\functional_tensor.py:258: UserWarning: Failed to initialize NumPy: _ARRAY_API not found (Triggered internally at C:\actions-runner\_work\pytorch\pytorch\builder\windows\pytorch\torch\csrc\utils\tensor_numpy.cpp:84.)
  cpu = _conversion_method_template(device=torch.device("cpu"))
2026-08-09 22:02:10,721 | INFO | Set PyTorch CPU threads to 12
2026-08-09 22:02:10,725 | INFO | Existing training corpus detected (125132 bytes) — preserving it, skipping default seed.
2026-08-09 22:02:10,732 | INFO | Training BPE tokenizer (target vocab size = 8000)...
2026-08-09 22:02:41,510 | INFO | Tokenizer saved -> C:\Users\USER\Desktop\Extras\i-oska\Vibhu-Oska\Models\sovereign_gpt\checkpoints\tokenizer_vocab.json
2026-08-09 22:02:41,511 | INFO | Parsed 684 independent Q&A sequences from corpus.
2026-08-09 22:03:12,567 | INFO | Running training on device: cuda
2026-08-09 22:03:14,169 | INFO | Model initialized: 54,183,936 trainable parameters | dtype=torch.float16
C:\Users\USER\Desktop\Extras\i-oska\Vibhu-Oska\Models\sovereign_gpt\train.py:359: FutureWarning: `torch.cuda.amp.GradScaler(args...)` is deprecated. Please use `torch.amp.GradScaler('cuda', args...)` instead.
  scaler = torch.cuda.amp.GradScaler() if dev.type == "cuda" else None
C:\Users\USER\Desktop\Extras\i-oska\Vibhu-Oska\Models\sovereign_gpt\train.py:382: FutureWarning: `torch.cuda.amp.autocast(args...)` is deprecated. Please use `torch.amp.autocast('cuda', args...)` instead.
  with torch.cuda.amp.autocast():
Traceback (most recent call last):
  File "<frozen runpy>", line 198, in _run_module_as_main
  File "<frozen runpy>", line 88, in _run_code
  File "C:\Users\USER\Desktop\Extras\i-oska\Vibhu-Oska\Models\sovereign_gpt\train.py", line 466, in <module>
    train(
  File "C:\Users\USER\Desktop\Extras\i-oska\Vibhu-Oska\Models\sovereign_gpt\train.py", line 386, in train
    scaler.unscale_(optimizer)
  File "C:\Users\USER\Desktop\Extras\i-oska\Vibhu-Oska\.venv_cuda\Lib\site-packages\torch\amp\grad_scaler.py", line 338, in unscale_
    optimizer_state["found_inf_per_device"] = self._unscale_grads_(
                                              ^^^^^^^^^^^^^^^^^^^^^
  File "C:\Users\USER\Desktop\Extras\i-oska\Vibhu-Oska\.venv_cuda\Lib\site-packages\torch\amp\grad_scaler.py", line 260, in _unscale_grads_
    raise ValueError("Attempting to unscale FP16 gradients.")
ValueError: Attempting to unscale FP16 gradients.
